
Godot Engine v4.5.1.stable.official.f62fdbde1 - https://godotengine.org

[PHASE 1 - Gunpowder] 공격측 p0 → 방어측 enemy 공격 / 피해 30 / HP 9970/10000
[PHASE 2 - Magic] 공격측 p1 → 방어측 enemy 공격 / 피해 30 / HP 9940/10000
[PHASE 3 - Ranged] 공격측 p2 → 방어측 enemy 공격 / 피해 30 / HP 9910/10000
[PHASE 4 - LightMelee] 공격측 p3 → 방어측 enemy 공격 / 피해 30 / HP 9880/10000
[PHASE 5 - HeavyMelee] 공격측 p4 → 방어측 enemy 공격 / 피해 30 / HP 9850/10000
[PHASE 5 - HeavyMelee] 방어측 enemy → 공격측 p0 공격 / 피해 0 / HP 100/100
[PHASE 6 - Healer] 공격측 p5 → 공격측 p4 치료 / 회복 50 / HP 100/100
Phase tests: PASS (0 failures)
Godot Engine v4.5.1.stable.official.f62fdbde1 - https://godotengine.org

Engagement tests: PASS (single six-phase exchange, persistent HP)
Godot Engine v4.5.1.stable.official.f62fdbde1 - https://godotengine.org

Tactics tests: PASS (0 failures)
Godot Engine v4.5.1.stable.official.f62fdbde1 - https://godotengine.org

Formation tests: PASS (0 failures)
Godot Engine v4.5.1.stable.official.f62fdbde1 - https://godotengine.org

Interaction tests: PASS (0 failures)
Godot Engine v4.5.1.stable.official.f62fdbde1 - https://godotengine.org

[PHASE 1 - Gunpowder]
[PHASE 1 - Gunpowder] 방어측 시노 → 공격측 쵸지 공격 / 피해 14 / HP 51/65
[PHASE 2 - Magic]
[PHASE 2 - Magic] 공격측 시카마루 → 방어측 아스마 공격 / 피해 18 / HP 62/80
[PHASE 3 - Ranged]
[PHASE 4 - LightMelee]
[PHASE 4 - LightMelee] 공격측 카카시 → 방어측 아스마 공격 / 피해 22 / HP 40/80
[PHASE 4 - LightMelee] 방어측 키바 → 공격측 쵸지 공격 / 피해 14 / HP 37/65
[PHASE 5 - HeavyMelee]
[PHASE 5 - HeavyMelee] 공격측 쵸지 → 방어측 키바 공격 / 피해 18 / HP 32/50
[PHASE 5 - HeavyMelee] 공격측 야마토 → 방어측 아스마 공격 / 피해 22 / HP 18/80
[PHASE 5 - HeavyMelee] 방어측 아스마 → 공격측 카카시 공격 / 피해 22 / HP 58/80
[PHASE 6 - Healer]
[PHASE 1 - Gunpowder]
[PHASE 1 - Gunpowder] 방어측 시노 → 공격측 쵸지 공격 / 피해 14 / HP 23/65
[PHASE 2 - Magic]
[PHASE 2 - Magic] 공격측 시카마루 → 방어측 아스마 공격 / 피해 18 / HP 0/80
[PHASE 3 - Ranged]
[PHASE 4 - LightMelee]
[PHASE 4 - LightMelee] 공격측 카카시 → 방어측 키바 공격 / 피해 22 / HP 10/50
[PHASE 4 - LightMelee] 방어측 키바 → 공격측 쵸지 공격 / 피해 14 / HP 9/65
[PHASE 5 - HeavyMelee]
[PHASE 5 - HeavyMelee] 공격측 쵸지 → 방어측 키바 공격 / 피해 18 / HP 0/50
[PHASE 5 - HeavyMelee] 공격측 야마토 → 방어측 키바 공격 / 피해 22 / HP 0/50
[PHASE 6 - Healer]
[PHASE 1 - Gunpowder]
[PHASE 1 - Gunpowder] 방어측 시노 → 공격측 쵸지 공격 / 피해 14 / HP 0/65
[PHASE 2 - Magic]
[PHASE 2 - Magic] 공격측 시카마루 → 방어측 시노 공격 / 피해 18 / HP 32/50
[PHASE 3 - Ranged]
[PHASE 4 - LightMelee]
[PHASE 4 - LightMelee] 공격측 카카시 → 방어측 시노 공격 / 피해 22 / HP 10/50
[PHASE 5 - HeavyMelee]
[PHASE 5 - HeavyMelee] 공격측 야마토 → 방어측 시노 공격 / 피해 22 / HP 0/50
[PHASE 1 - Gunpowder]
[PHASE 2 - Magic]
[PHASE 2 - Magic] 방어측 사스케 → 공격측 야마토 공격 / 피해 14 / HP 0/80
Play cycle: PASS (0 failures)
Godot Engine v4.5.1.stable.official.f62fdbde1 - https://godotengine.org
OpenGL API 3.3.0 NVIDIA 591.86 - Compatibility - Using Device: NVIDIA - NVIDIA GeForce RTX 4060 Ti

Battle presentation tests: PASS (0 failures)
Godot Engine v4.5.1.stable.official.f62fdbde1 - https://godotengine.org
OpenGL API 3.3.0 NVIDIA 591.86 - Compatibility - Using Device: NVIDIA - NVIDIA GeForce RTX 4060 Ti

[PHASE 1 - Gunpowder]
[PHASE 1 - Gunpowder] 방어측 시노 → 공격측 쵸지 공격 / 피해 14 / HP 51/65
[PHASE 2 - Magic]
[PHASE 2 - Magic] 공격측 시카마루 → 방어측 아스마 공격 / 피해 18 / HP 62/80
[PHASE 3 - Ranged]
[PHASE 4 - LightMelee]
[PHASE 4 - LightMelee] 공격측 카카시 → 방어측 아스마 공격 / 피해 22 / HP 40/80
[PHASE 4 - LightMelee] 방어측 키바 → 공격측 쵸지 공격 / 피해 14 / HP 37/65
[PHASE 5 - HeavyMelee]
[PHASE 5 - HeavyMelee] 공격측 쵸지 → 방어측 키바 공격 / 피해 18 / HP 32/50
[PHASE 5 - HeavyMelee] 공격측 야마토 → 방어측 아스마 공격 / 피해 22 / HP 18/80
[PHASE 5 - HeavyMelee] 방어측 아스마 → 공격측 카카시 공격 / 피해 22 / HP 58/80
[PHASE 6 - Healer]
[PHASE 1 - Gunpowder]
[PHASE 1 - Gunpowder] 방어측 시노 → 공격측 쵸지 공격 / 피해 14 / HP 23/65
[PHASE 2 - Magic]
[PHASE 2 - Magic] 공격측 시카마루 → 방어측 아스마 공격 / 피해 18 / HP 0/80
[PHASE 3 - Ranged]
[PHASE 4 - LightMelee]
[PHASE 4 - LightMelee] 공격측 카카시 → 방어측 키바 공격 / 피해 22 / HP 10/50
[PHASE 4 - LightMelee] 방어측 키바 → 공격측 쵸지 공격 / 피해 14 / HP 9/65
[PHASE 5 - HeavyMelee]
[PHASE 5 - HeavyMelee] 공격측 쵸지 → 방어측 키바 공격 / 피해 18 / HP 0/50
[PHASE 5 - HeavyMelee] 공격측 야마토 → 방어측 키바 공격 / 피해 22 / HP 0/50
[PHASE 6 - Healer]
[PHASE 1 - Gunpowder]
[PHASE 1 - Gunpowder] 방어측 시노 → 공격측 쵸지 공격 / 피해 14 / HP 0/65
[PHASE 2 - Magic]
[PHASE 2 - Magic] 공격측 시카마루 → 방어측 시노 공격 / 피해 18 / HP 32/50
[PHASE 3 - Ranged]
[PHASE 4 - LightMelee]
[PHASE 4 - LightMelee] 공격측 카카시 → 방어측 시노 공격 / 피해 22 / HP 10/50
[PHASE 5 - HeavyMelee]
[PHASE 5 - HeavyMelee] 공격측 야마토 → 방어측 시노 공격 / 피해 22 / HP 0/50
[PHASE 1 - Gunpowder]
[PHASE 2 - Magic]
[PHASE 2 - Magic] 방어측 사스케 → 공격측 야마토 공격 / 피해 14 / HP 0/80
Play cycle: PASS (0 failures)
