
Godot Engine v4.5.1.stable.official.f62fdbde1 - https://godotengine.org

Terrain and AI tests: PASS (0 failures)
Godot Engine v4.5.1.stable.official.f62fdbde1 - https://godotengine.org

[ENEMY TURN 1] enemy1 목표=player 목적지=(3, 2) 총 경로 비용=1
[PHASE 1 - Gunpowder]
[PHASE 1 - Gunpowder] 공격측 시노 → 방어측 카카시 공격 / 피해 14 / HP 0/80
[ENEMY TURN 1] enemy2 목표=ally2 목적지=(1, 6) 총 경로 비용=1
[PHASE 1 - Gunpowder]
[PHASE 2 - Magic]
[PHASE 2 - Magic] 공격측 사스케 → 방어측 야마토 공격 / 피해 14 / HP 66/80
[PHASE 3 - Ranged]
[PHASE 3 - Ranged] 방어측 히나타 → 공격측 카카시 공격 / 피해 14 / HP 66/80
[PHASE 4 - LightMelee]
[PHASE 4 - LightMelee] 공격측 카카시 → 방어측 야마토 공격 / 피해 22 / HP 44/80
[PHASE 5 - HeavyMelee]
[PHASE 5 - HeavyMelee] 공격측 쵸지 → 방어측 야마토 공격 / 피해 18 / HP 26/80
[PHASE 5 - HeavyMelee] 방어측 야마토 → 공격측 카카시 공격 / 피해 22 / HP 44/80
[PHASE 6 - Healer]
[PHASE 6 - Healer] 방어측 이노 → 방어측 야마토 치료 / 회복 20 / HP 46/80
[ENEMY TURN 1] enemy3 목표=ally2 목적지=(10, 6) 총 경로 비용=15
[ENEMY TURN 1] enemy4 목표=ally6 목적지=(10, 11) 총 경로 비용=16
[ENEMY TURN 1] enemy5 목표=ally6 목적지=(7, 10) 총 경로 비용=13
Tactical turn cycle: PASS (0 failures; 2 enemy battles)
Godot Engine v4.5.1.stable.official.f62fdbde1 - https://godotengine.org

[PHASE 1 - Gunpowder] 공격측 p0 → 방어측 enemy 공격 / 피해 30 / HP 9970/10000
[PHASE 2 - Magic] 공격측 p1 → 방어측 enemy 공격 / 피해 30 / HP 9940/10000
[PHASE 3 - Ranged] 공격측 p2 → 방어측 enemy 공격 / 피해 30 / HP 9910/10000
[PHASE 4 - LightMelee] 공격측 p3 → 방어측 enemy 공격 / 피해 30 / HP 9880/10000
[PHASE 5 - HeavyMelee] 공격측 p4 → 방어측 enemy 공격 / 피해 30 / HP 9850/10000
[PHASE 5 - HeavyMelee] 방어측 enemy → 공격측 p0 공격 / 피해 0 / HP 100/100
[PHASE 6 - Healer] 공격측 p5 → 공격측 p4 치료 / 회복 50 / HP 100/100
Phase tests: PASS (0 failures)
Godot Engine v4.5.1.stable.official.f62fdbde1 - https://godotengine.org

Engagement tests: PASS (single six-phase exchange, persistent HP)
Godot Engine v4.5.1.stable.official.f62fdbde1 - https://godotengine.org

Tactics tests: PASS (0 failures)
Godot Engine v4.5.1.stable.official.f62fdbde1 - https://godotengine.org

Formation tests: PASS (0 failures)
Godot Engine v4.5.1.stable.official.f62fdbde1 - https://godotengine.org

Interaction tests: PASS (0 failures)
Godot Engine v4.5.1.stable.official.f62fdbde1 - https://godotengine.org

[PHASE 1 - Gunpowder]
[PHASE 1 - Gunpowder] 방어측 시노 → 공격측 쵸지 공격 / 피해 14 / HP 51/65
[PHASE 2 - Magic]
[PHASE 2 - Magic] 공격측 시카마루 → 방어측 아스마 공격 / 피해 18 / HP 62/80
[PHASE 3 - Ranged]
[PHASE 4 - LightMelee]
[PHASE 4 - LightMelee] 공격측 카카시 → 방어측 아스마 공격 / 피해 22 / HP 40/80
[PHASE 4 - LightMelee] 방어측 키바 → 공격측 쵸지 공격 / 피해 14 / HP 37/65
[PHASE 5 - HeavyMelee]
[PHASE 5 - HeavyMelee] 공격측 쵸지 → 방어측 키바 공격 / 피해 18 / HP 32/50
[PHASE 5 - HeavyMelee] 공격측 야마토 → 방어측 아스마 공격 / 피해 22 / HP 18/80
[PHASE 5 - HeavyMelee] 방어측 아스마 → 공격측 카카시 공격 / 피해 22 / HP 58/80
[PHASE 6 - Healer]
[PHASE 1 - Gunpowder]
[PHASE 1 - Gunpowder] 방어측 시노 → 공격측 쵸지 공격 / 피해 14 / HP 23/65
[PHASE 2 - Magic]
[PHASE 2 - Magic] 공격측 시카마루 → 방어측 아스마 공격 / 피해 18 / HP 0/80
[PHASE 3 - Ranged]
[PHASE 4 - LightMelee]
[PHASE 4 - LightMelee] 공격측 카카시 → 방어측 키바 공격 / 피해 22 / HP 10/50
[PHASE 4 - LightMelee] 방어측 키바 → 공격측 쵸지 공격 / 피해 14 / HP 9/65
[PHASE 5 - HeavyMelee]
[PHASE 5 - HeavyMelee] 공격측 쵸지 → 방어측 키바 공격 / 피해 18 / HP 0/50
[PHASE 5 - HeavyMelee] 공격측 야마토 → 방어측 키바 공격 / 피해 22 / HP 0/50
[PHASE 6 - Healer]
[PHASE 1 - Gunpowder]
[PHASE 1 - Gunpowder] 방어측 시노 → 공격측 쵸지 공격 / 피해 14 / HP 0/65
[PHASE 2 - Magic]
[PHASE 2 - Magic] 공격측 시카마루 → 방어측 시노 공격 / 피해 18 / HP 32/50
[PHASE 3 - Ranged]
[PHASE 4 - LightMelee]
[PHASE 4 - LightMelee] 공격측 카카시 → 방어측 시노 공격 / 피해 22 / HP 10/50
[PHASE 5 - HeavyMelee]
[PHASE 5 - HeavyMelee] 공격측 야마토 → 방어측 시노 공격 / 피해 22 / HP 0/50
[PHASE 1 - Gunpowder]
[PHASE 2 - Magic]
[PHASE 2 - Magic] 방어측 사스케 → 공격측 야마토 공격 / 피해 14 / HP 0/80
Play cycle: PASS (0 failures)
Godot Engine v4.5.1.stable.official.f62fdbde1 - https://godotengine.org

Battle presentation tests: PASS (0 failures)
Godot Engine v4.5.1.stable.official.f62fdbde1 - https://godotengine.org

Terrain and AI tests: PASS (0 failures)
Godot Engine v4.5.1.stable.official.f62fdbde1 - https://godotengine.org
OpenGL API 3.3.0 NVIDIA 591.86 - Compatibility - Using Device: NVIDIA - NVIDIA GeForce RTX 4060 Ti

[ENEMY TURN 1] enemy1 목표=player 목적지=(3, 2) 총 경로 비용=1
[PHASE 1 - Gunpowder]
[PHASE 1 - Gunpowder] 공격측 시노 → 방어측 카카시 공격 / 피해 14 / HP 0/80
[ENEMY TURN 1] enemy2 목표=ally2 목적지=(1, 6) 총 경로 비용=1
[PHASE 1 - Gunpowder]
[PHASE 2 - Magic]
[PHASE 2 - Magic] 공격측 사스케 → 방어측 야마토 공격 / 피해 14 / HP 66/80
[PHASE 3 - Ranged]
[PHASE 3 - Ranged] 방어측 히나타 → 공격측 카카시 공격 / 피해 14 / HP 66/80
[PHASE 4 - LightMelee]
[PHASE 4 - LightMelee] 공격측 카카시 → 방어측 야마토 공격 / 피해 22 / HP 44/80
[PHASE 5 - HeavyMelee]
[PHASE 5 - HeavyMelee] 공격측 쵸지 → 방어측 야마토 공격 / 피해 18 / HP 26/80
[PHASE 5 - HeavyMelee] 방어측 야마토 → 공격측 카카시 공격 / 피해 22 / HP 44/80
[PHASE 6 - Healer]
[PHASE 6 - Healer] 방어측 이노 → 방어측 야마토 치료 / 회복 20 / HP 46/80
[ENEMY TURN 1] enemy3 목표=ally2 목적지=(10, 6) 총 경로 비용=15
[ENEMY TURN 1] enemy4 목표=ally6 목적지=(10, 11) 총 경로 비용=16
[ENEMY TURN 1] enemy5 목표=ally6 목적지=(7, 10) 총 경로 비용=13
Tactical turn cycle: PASS (0 failures; 2 enemy battles)
Godot Engine v4.5.1.stable.official.f62fdbde1 - https://godotengine.org

[ENEMY TURN 1] enemy1 목표=player 목적지=(11, 2) 총 경로 비용=13
[ENEMY TURN 1] enemy2 목표=ally2 목적지=(9, 6) 총 경로 비용=13
[ENEMY TURN 1] enemy3 목표=player 목적지=(11, 3) 총 경로 비용=14
[ENEMY TURN 1] enemy4 목표=ally6 목적지=(10, 11) 총 경로 비용=16
[ENEMY TURN 1] enemy5 목표=ally6 목적지=(7, 10) 총 경로 비용=13
[ENEMY TURN 1] enemy6 목표=ally6 목적지=(7, 12) 총 경로 비용=13
[ENEMY TURN 2] enemy1 목표=player 목적지=(7, 2) 총 경로 비용=9
[ENEMY TURN 2] enemy2 목표=ally2 목적지=(5, 6) 총 경로 비용=9
[ENEMY TURN 2] enemy3 목표=ally2 목적지=(8, 2) 총 경로 비용=11
[ENEMY TURN 2] enemy4 목표=ally6 목적지=(6, 11) 총 경로 비용=12
[ENEMY TURN 2] enemy5 목표=ally6 목적지=(4, 12) 총 경로 비용=10
[ENEMY TURN 2] enemy6 목표=ally6 목적지=(3, 13) 총 경로 비용=10
Default battlefield turns: PASS (0 failures)
